#
# There is insufficient memory for the Java Runtime Environment to continue.
# Native memory allocation (malloc) failed to allocate 773360 bytes. Error detail: Chunk::new
# Possible reasons:
#   The system is out of physical RAM or swap space
#   This process is running with CompressedOops enabled, and the Java Heap may be blocking the growth of the native heap
# Possible solutions:
#   Reduce memory load on the system
#   Increase physical memory or swap space
#   Check if swap backing store is full
#   Decrease Java heap size (-Xmx/-Xms)
#   Decrease number of Java threads
#   Decrease Java thread stack sizes (-Xss)
#   Set larger code cache with -XX:ReservedCodeCacheSize=
#   JVM is running with Unscaled Compressed Oops mode in which the Java heap is
#     placed in the first 4GB address space. The Java Heap base address is the
#     maximum limit for the native heap growth. Please use -XX:HeapBaseMinAddress
#     to set the Java Heap base and to place the Java Heap above 4GB virtual address.
# This output file may be truncated or incomplete.
#
#  Out of Memory Error (arena.cpp:168), pid=7424, tid=5892
#
# JRE version: OpenJDK Runtime Environment Temurin-21.0.10+7 (21.0.10+7) (build 21.0.10+7-LTS)
# Java VM: OpenJDK 64-Bit Server VM Temurin-21.0.10+7 (21.0.10+7-LTS, mixed mode, sharing, tiered, compressed oops, compressed class ptrs, parallel gc, windows-amd64)
# No core dump will be written. Minidumps are not enabled by default on client versions of Windows
#

---------------  S U M M A R Y ------------

Command Line: --add-modules=ALL-SYSTEM --add-opens=java.base/java.util=ALL-UNNAMED --add-opens=java.base/java.lang=ALL-UNNAMED --add-opens=java.base/sun.nio.fs=ALL-UNNAMED -Declipse.application=org.eclipse.jdt.ls.core.id1 -Dosgi.bundles.defaultStartLevel=4 -Declipse.product=org.eclipse.jdt.ls.core.product -Djava.import.generatesMetadataFilesAtProjectRoot=false -DDetectVMInstallationsJob.disabled=true -Dfile.encoding=utf8 -XX:+UseParallelGC -XX:GCTimeRatio=4 -XX:AdaptiveSizePolicyWeight=90 -Dsun.zip.disableMemoryMapping=true -Xmx2G -Xms100m -Xlog:disable -javaagent:c:\Users\fatty\.antigravity\extensions\redhat.java-1.54.0-win32-x64\lombok\lombok-1.18.39-4050.jar -XX:+HeapDumpOnOutOfMemoryError -XX:HeapDumpPath=c:\Users\fatty\AppData\Roaming\Antigravity\User\workspaceStorage\a629deaf86fc7c48597a3293cddddf7a\redhat.java -Daether.dependencyCollector.impl=bf c:\Users\fatty\.antigravity\extensions\redhat.java-1.54.0-win32-x64\server\plugins\org.eclipse.equinox.launcher_1.7.100.v20251111-0406.jar -configuration c:\Users\fatty\AppData\Roaming\Antigravity\User\globalStorage\redhat.java\1.54.0\config_win -data c:\Users\fatty\AppData\Roaming\Antigravity\User\workspaceStorage\a629deaf86fc7c48597a3293cddddf7a\redhat.java\jdt_ws --pipe=\\.\pipe\lsp-ffc98e557386ee8613acc49a3b2fb189-sock

Host: AMD Ryzen 3 2200G with Radeon Vega Graphics    , 4 cores, 15G,  Windows 11 , 64 bit Build 26100 (10.0.26100.5074)
Time: Wed Apr 29 17:25:26 2026 Malay Peninsula Standard Time elapsed time: 26.466388 seconds (0d 0h 0m 26s)

---------------  T H R E A D  ---------------

Current thread (0x0000027979271b90):  JavaThread "C2 CompilerThread0" daemon [_thread_in_native, id=5892, stack(0x000000aa75100000,0x000000aa75200000) (1024K)]


Current CompileTask:
C2:26466 4669       4       org.eclipse.osgi.internal.serviceregistry.ServiceRegistry::notifyHooksPrivileged (57 bytes)

Stack: [0x000000aa75100000,0x000000aa75200000]
Native frames: (J=compiled Java code, j=interpreted, Vv=VM code, C=native code)
V  [jvm.dll+0x6d7a39]
V  [jvm.dll+0x8b4b26]
V  [jvm.dll+0x8b70de]
V  [jvm.dll+0x8b77c3]
V  [jvm.dll+0x284346]
V  [jvm.dll+0xc66ed]
V  [jvm.dll+0xc6c31]
V  [jvm.dll+0x3bec3b]
V  [jvm.dll+0x1e3bc4]
V  [jvm.dll+0x24c6b3]
V  [jvm.dll+0x24bb40]
V  [jvm.dll+0x1cb34e]
V  [jvm.dll+0x25b85d]
V  [jvm.dll+0x259dea]
V  [jvm.dll+0x3f857e]
V  [jvm.dll+0x85f59d]
V  [jvm.dll+0x6d626d]
C  [ucrtbase.dll+0x37b0]
C  [KERNEL32.DLL+0x2e8d7]
C  [ntdll.dll+0x8d9c]


---------------  P R O C E S S  ---------------

Threads class SMR info:
_java_thread_list=0x000002797eeea730, length=23, elements={
0x0000027979375f20, 0x0000027979264f50, 0x00000279792663f0, 0x000002797926a7f0,
0x0000027979269ad0, 0x000002797926b510, 0x000002797926c230, 0x0000027979271b90,
0x000002797d8aa5b0, 0x000002797926a160, 0x0000027979268db0, 0x000002797e20dfe0,
0x000002797e20b880, 0x000002797e20bf10, 0x000002797e20c5a0, 0x000002797e20cc30,
0x000002797e210740, 0x000002797e20f390, 0x000002797e20fa20, 0x000002797e20d2c0,
0x000002797e210dd0, 0x000002797e20d950, 0x000002797e212180
}
_to_delete_list=0x000002797eeea550, length=27, elements={
0x0000027979375f20, 0x0000027979264f50, 0x00000279792663f0, 0x000002797926a7f0,
0x0000027979269ad0, 0x000002797926b510, 0x000002797926c230, 0x0000027979271b90,
0x000002797d8aa5b0, 0x000002797926a160, 0x0000027979268db0, 0x000002797926ae80,
0x000002797926bba0, 0x0000027979269440, 0x000002797e20e670, 0x000002797e20dfe0,
0x000002797e20b880, 0x000002797e20bf10, 0x000002797e20c5a0, 0x000002797e20cc30,
0x000002797e210740, 0x000002797e20f390, 0x000002797e20fa20, 0x000002797e20d2c0,
0x000002797e210dd0, 0x000002797e20d950, 0x000002797e212180
}

Java Threads: ( => current thread )
  0x0000027979375f20 JavaThread "main"                              [_thread_blocked, id=2444, stack(0x000000aa74700000,0x000000aa74800000) (1024K)]
  0x0000027979264f50 JavaThread "Reference Handler"          daemon [_thread_blocked, id=5108, stack(0x000000aa74b00000,0x000000aa74c00000) (1024K)]
  0x00000279792663f0 JavaThread "Finalizer"                  daemon [_thread_blocked, id=1700, stack(0x000000aa74c00000,0x000000aa74d00000) (1024K)]
  0x000002797926a7f0 JavaThread "Signal Dispatcher"          daemon [_thread_blocked, id=4064, stack(0x000000aa74d00000,0x000000aa74e00000) (1024K)]
  0x0000027979269ad0 JavaThread "Attach Listener"            daemon [_thread_blocked, id=7328, stack(0x000000aa74e00000,0x000000aa74f00000) (1024K)]
  0x000002797926b510 JavaThread "Service Thread"             daemon [_thread_blocked, id=8568, stack(0x000000aa74f00000,0x000000aa75000000) (1024K)]
  0x000002797926c230 JavaThread "Monitor Deflation Thread"   daemon [_thread_blocked, id=17728, stack(0x000000aa75000000,0x000000aa75100000) (1024K)]
=>0x0000027979271b90 JavaThread "C2 CompilerThread0"         daemon [_thread_in_native, id=5892, stack(0x000000aa75100000,0x000000aa75200000) (1024K)]
  0x000002797d8aa5b0 JavaThread "C1 CompilerThread0"         daemon [_thread_blocked, id=9468, stack(0x000000aa75200000,0x000000aa75300000) (1024K)]
  0x000002797926a160 JavaThread "Common-Cleaner"             daemon [_thread_blocked, id=12048, stack(0x000000aa75300000,0x000000aa75400000) (1024K)]
  0x0000027979268db0 JavaThread "Notification Thread"        daemon [_thread_blocked, id=15832, stack(0x000000aa75400000,0x000000aa75500000) (1024K)]
  0x000002797e20dfe0 JavaThread "Active Thread: Equinox Container: bf9bc2a9-884c-493b-ad6c-84f44d04f24c"        [_thread_blocked, id=17432, stack(0x000000aa75c00000,0x000000aa75d00000) (1024K)]
  0x000002797e20b880 JavaThread "Framework Event Dispatcher: Equinox Container: bf9bc2a9-884c-493b-ad6c-84f44d04f24c" daemon [_thread_blocked, id=16088, stack(0x000000aa75d00000,0x000000aa75e00000) (1024K)]
  0x000002797e20bf10 JavaThread "Start Level: Equinox Container: bf9bc2a9-884c-493b-ad6c-84f44d04f24c" daemon [_thread_blocked, id=3080, stack(0x000000aa75e00000,0x000000aa75f00000) (1024K)]
  0x000002797e20c5a0 JavaThread "Bundle File Closer"         daemon [_thread_blocked, id=5440, stack(0x000000aa75f00000,0x000000aa76000000) (1024K)]
  0x000002797e20cc30 JavaThread "Refresh Thread: Equinox Container: bf9bc2a9-884c-493b-ad6c-84f44d04f24c" daemon [_thread_blocked, id=9832, stack(0x000000aa76000000,0x000000aa76100000) (1024K)]
  0x000002797e210740 JavaThread "SCR Component Actor"        daemon [_thread_blocked, id=18032, stack(0x000000aa76100000,0x000000aa76200000) (1024K)]
  0x000002797e20f390 JavaThread "Worker-JM"                         [_thread_blocked, id=8956, stack(0x000000aa76300000,0x000000aa76400000) (1024K)]
  0x000002797e20fa20 JavaThread "Worker-0: Updating Maven Dependencies"        [_thread_in_vm, id=17752, stack(0x000000aa76200000,0x000000aa76300000) (1024K)] _threads_hazard_ptr=0x000002797eeea730
  0x000002797e20d2c0 JavaThread "Worker-1: Repository registry initialization"        [_thread_blocked, id=13748, stack(0x000000aa76400000,0x000000aa76500000) (1024K)]
  0x000002797e210dd0 JavaThread "Worker-2"                          [_thread_blocked, id=18268, stack(0x000000aa76500000,0x000000aa76600000) (1024K)]
  0x000002797e20d950 JavaThread "Worker-3"                          [_thread_blocked, id=6544, stack(0x000000aa76600000,0x000000aa76700000) (1024K)]
  0x000002797e212180 JavaThread "Java indexing"              daemon [_thread_blocked, id=16240, stack(0x000000aa76700000,0x000000aa76800000) (1024K)]
Total: 23

Other Threads:
  0x00000279792607f0 VMThread "VM Thread"                           [id=12968, stack(0x000000aa74a00000,0x000000aa74b00000) (1024K)] _threads_hazard_ptr=0x000002797eeea730
  0x00000279791fda20 WatcherThread "VM Periodic Task Thread"        [id=3268, stack(0x000000aa74900000,0x000000aa74a00000) (1024K)]
  0x0000027979396550 WorkerThread "GC Thread#0"                     [id=16488, stack(0x000000aa74800000,0x000000aa74900000) (1024K)]
  0x000002797df04c20 WorkerThread "GC Thread#1"                     [id=10724, stack(0x000000aa75500000,0x000000aa75600000) (1024K)]
  0x000002797db9ba80 WorkerThread "GC Thread#2"                     [id=11148, stack(0x000000aa75600000,0x000000aa75700000) (1024K)]
  0x000002797e07af20 WorkerThread "GC Thread#3"                     [id=7720, stack(0x000000aa75700000,0x000000aa75800000) (1024K)]
Total: 6

Threads with active compile tasks:
C2 CompilerThread0  26551 4669       4       org.eclipse.osgi.internal.serviceregistry.ServiceRegistry::notifyHooksPrivileged (57 bytes)
Total: 1

VM state: not at safepoint (normal execution)

VM Mutex/Monitor currently owned by a thread: None

Heap address: 0x0000000080000000, size: 2048 MB, Compressed Oops mode: 32-bit

CDS archive(s) mapped at: [0x0000027913000000-0x0000027913ba0000-0x0000027913ba0000), size 12189696, SharedBaseAddress: 0x0000027913000000, ArchiveRelocationMode: 1.
Compressed class space mapped at: 0x0000027914000000-0x0000027954000000, reserved size: 1073741824
Narrow klass base: 0x0000027913000000, Narrow klass shift: 0, Narrow klass range: 0x100000000

GC Precious Log:
 CardTable entry size: 512
 CPUs: 4 total, 4 available
 Memory: 16326M
 Large Page Support: Disabled
 NUMA Support: Disabled
 Compressed Oops: Enabled (32-bit)
 Alignments: Space 512K, Generation 512K, Heap 2M
 Heap Min Capacity: 100M
 Heap Initial Capacity: 100M
 Heap Max Capacity: 2G
 Pre-touch: Disabled
 Parallel Workers: 4

Heap:
 PSYoungGen      total 22528K, used 13519K [0x00000000d5580000, 0x00000000d7000000, 0x0000000100000000)
  eden space 22016K, 59% used [0x00000000d5580000,0x00000000d62486f8,0x00000000d6b00000)
  from space 512K, 84% used [0x00000000d6f80000,0x00000000d6feb890,0x00000000d7000000)
  to   space 512K, 0% used [0x00000000d6f00000,0x00000000d6f00000,0x00000000d6f80000)
 ParOldGen       total 68608K, used 14791K [0x0000000080000000, 0x0000000084300000, 0x00000000d5580000)
  object space 68608K, 21% used [0x0000000080000000,0x0000000080e71fd0,0x0000000084300000)
 Metaspace       used 29072K, committed 29952K, reserved 1114112K
  class space    used 2913K, committed 3264K, reserved 1048576K

Card table byte_map: [0x0000027978cd0000,0x00000279790e0000] _byte_map_base: 0x00000279788d0000

Marking Bits: (ParMarkBitMap*) 0x00007ffc5d393450
 Begin Bits: [0x000002790f000000, 0x0000027911000000)
 End Bits:   [0x0000027911000000, 0x0000027913000000)

Polling page: 0x0000027978540000

Metaspace:

Usage:
  Non-class:     25.55 MB used.
      Class:      2.85 MB used.
       Both:     28.39 MB used.

Virtual space:
  Non-class space:       64.00 MB reserved,      26.06 MB ( 41%) committed,  1 nodes.
      Class space:        1.00 GB reserved,       3.19 MB ( <1%) committed,  1 nodes.
             Both:        1.06 GB reserved,      29.25 MB (  3%) committed. 

Chunk freelists:
   Non-Class:  5.90 MB
       Class:  12.70 MB
        Both:  18.60 MB

MaxMetaspaceSize: unlimited
CompressedClassSpaceSize: 1.00 GB
Initial GC threshold: 21.00 MB
Current GC threshold: 35.00 MB
CDS: on
 - commit_granule_bytes: 65536.
 - commit_granule_words: 8192.
 - virtual_space_node_default_size: 8388608.
 - enlarge_chunks_in_place: 1.
 - use_allocation_guard: 0.


Internal statistics:

num_allocs_failed_limit: 3.
num_arena_births: 662.
num_arena_deaths: 14.
num_vsnodes_births: 2.
num_vsnodes_deaths: 0.
num_space_committed: 468.
num_space_uncommitted: 0.
num_chunks_returned_to_freelist: 17.
num_chunks_taken_from_freelist: 1842.
num_chunk_merges: 7.
num_chunk_splits: 1193.
num_chunks_enlarged: 744.
num_inconsistent_stats: 0.

CodeHeap 'non-profiled nmethods': size=120000Kb used=2585Kb max_used=2585Kb free=117414Kb
 bounds [0x0000027907ad0000, 0x0000027907d60000, 0x000002790f000000]
CodeHeap 'profiled nmethods': size=120000Kb used=10255Kb max_used=10255Kb free=109745Kb
 bounds [0x0000027900000000, 0x0000027900a10000, 0x0000027907530000]
CodeHeap 'non-nmethods': size=5760Kb used=1320Kb max_used=1371Kb free=4439Kb
 bounds [0x0000027907530000, 0x00000279077a0000, 0x0000027907ad0000]
CodeCache: size=245760Kb, used=14160Kb, max_used=14211Kb, free=231598Kb
 total_blobs=5298, nmethods=4687, adapters=517, full_count=0
Compilation: enabled, stopped_count=0, restarted_count=0

Compilation events (20 events):
Event: 25.649 Thread 0x0000027979271b90 4665   !   4       org.eclipse.osgi.container.ModuleDatabase::getWiring (31 bytes)
Event: 25.658 Thread 0x0000027979271b90 nmethod 4665 0x0000027907d54890 code [0x0000027907d54ac0, 0x0000027907d551d8]
Event: 25.658 Thread 0x000002797d8aa5b0 4666       1       java.lang.StackTraceElement::getClassName (5 bytes)
Event: 25.658 Thread 0x000002797d8aa5b0 nmethod 4666 0x0000027907d55990 code [0x0000027907d55b20, 0x0000027907d55be8]
Event: 25.664 Thread 0x000002797d8aa5b0 4668       3       org.eclipse.osgi.storage.bundlefile.BundleFile::getResourceURL (24 bytes)
Event: 25.664 Thread 0x000002797d8aa5b0 nmethod 4668 0x00000279009f8790 code [0x00000279009f8960, 0x00000279009f8c78]
Event: 25.666 Thread 0x0000027979271b90 4669       4       org.eclipse.osgi.internal.serviceregistry.ServiceRegistry::notifyHooksPrivileged (57 bytes)
Event: 25.669 Thread 0x000002797d8aa5b0 4670       3       org.eclipse.osgi.internal.loader.BundleLoader::createExportPackageSource (90 bytes)
Event: 25.669 Thread 0x000002797d8aa5b0 nmethod 4670 0x00000279009f8d90 code [0x00000279009f8fe0, 0x00000279009f9910]
Event: 25.669 Thread 0x000002797d8aa5b0 4671       3       java.lang.ClassLoader::definePackage (53 bytes)
Event: 25.670 Thread 0x000002797d8aa5b0 nmethod 4671 0x00000279009f9c10 code [0x00000279009f9e20, 0x00000279009fa380]
Event: 25.670 Thread 0x000002797d8aa5b0 4673       3       java.lang.Class::arrayContentsEq (70 bytes)
Event: 25.670 Thread 0x000002797d8aa5b0 nmethod 4673 0x00000279009fa610 code [0x00000279009fa800, 0x00000279009fac28]
Event: 25.671 Thread 0x000002797d8aa5b0 4674       3       org.apache.aries.spifly.BaseActivator::getAllHeaders (189 bytes)
Event: 25.672 Thread 0x000002797d8aa5b0 

Event: 25.672 Thread 0x000002797d8aa5b0 

Event: 25.676 Thread 0x000002797d8aa5b0 4675       3       java.security.CodeSource::getCertificates (95 bytes)
Event: 25.677 Thread 0x000002797d8aa5b0 nmethod 4675 0x00000279009fad90 code [0x00000279009fafe0, 0x00000279009fbb60]
Event: 25.677 Thread 0x000002797d8aa5b0 4676       3       java.util.Calendar::internalSet (8 bytes)
Event: 25.677 Thread 0x000002797d8aa5b0 nmethod 4676 0x00000279009fbe90 code [0x00000279009fc040, 0x00000279009fc178]

GC Heap History (20 events):
Event: 17.172 GC heap before
{Heap before GC invocations=4 (full 0):
 PSYoungGen      total 29696K, used 29667K [0x00000000d5580000, 0x00000000d7680000, 0x0000000100000000)
  eden space 25600K, 100% used [0x00000000d5580000,0x00000000d6e80000,0x00000000d6e80000)
  from space 4096K, 99% used [0x00000000d6e80000,0x00000000d7278ea8,0x00000000d7280000)
  to   space 4096K, 0% used [0x00000000d7280000,0x00000000d7280000,0x00000000d7680000)
 ParOldGen       total 68608K, used 4366K [0x0000000080000000, 0x0000000084300000, 0x00000000d5580000)
  object space 68608K, 6% used [0x0000000080000000,0x00000000804439c0,0x0000000084300000)
 Metaspace       used 10142K, committed 10432K, reserved 1114112K
  class space    used 1047K, committed 1152K, reserved 1048576K
}
Event: 17.176 GC heap after
{Heap after GC invocations=4 (full 0):
 PSYoungGen      total 29696K, used 4082K [0x00000000d5580000, 0x00000000d7680000, 0x0000000100000000)
  eden space 25600K, 0% used [0x00000000d5580000,0x00000000d5580000,0x00000000d6e80000)
  from space 4096K, 99% used [0x00000000d7280000,0x00000000d767c818,0x00000000d7680000)
  to   space 4096K, 0% used [0x00000000d6e80000,0x00000000d6e80000,0x00000000d7280000)
 ParOldGen       total 68608K, used 6129K [0x0000000080000000, 0x0000000084300000, 0x00000000d5580000)
  object space 68608K, 8% used [0x0000000080000000,0x00000000805fc498,0x0000000084300000)
 Metaspace       used 10142K, committed 10432K, reserved 1114112K
  class space    used 1047K, committed 1152K, reserved 1048576K
}
Event: 18.575 GC heap before
{Heap before GC invocations=5 (full 0):
 PSYoungGen      total 29696K, used 29682K [0x00000000d5580000, 0x00000000d7680000, 0x0000000100000000)
  eden space 25600K, 100% used [0x00000000d5580000,0x00000000d6e80000,0x00000000d6e80000)
  from space 4096K, 99% used [0x00000000d7280000,0x00000000d767c818,0x00000000d7680000)
  to   space 4096K, 0% used [0x00000000d6e80000,0x00000000d6e80000,0x00000000d7280000)
 ParOldGen       total 68608K, used 6129K [0x0000000080000000, 0x0000000084300000, 0x00000000d5580000)
  object space 68608K, 8% used [0x0000000080000000,0x00000000805fc498,0x0000000084300000)
 Metaspace       used 10665K, committed 11008K, reserved 1114112K
  class space    used 1084K, committed 1216K, reserved 1048576K
}
Event: 18.581 GC heap after
{Heap after GC invocations=5 (full 0):
 PSYoungGen      total 29184K, used 4090K [0x00000000d5580000, 0x00000000d7b00000, 0x0000000100000000)
  eden space 25088K, 0% used [0x00000000d5580000,0x00000000d5580000,0x00000000d6e00000)
  from space 4096K, 99% used [0x00000000d6e80000,0x00000000d727ea78,0x00000000d7280000)
  to   space 6656K, 0% used [0x00000000d7480000,0x00000000d7480000,0x00000000d7b00000)
 ParOldGen       total 68608K, used 8471K [0x0000000080000000, 0x0000000084300000, 0x00000000d5580000)
  object space 68608K, 12% used [0x0000000080000000,0x0000000080845dd8,0x0000000084300000)
 Metaspace       used 10665K, committed 11008K, reserved 1114112K
  class space    used 1084K, committed 1216K, reserved 1048576K
}
Event: 20.255 GC heap before
{Heap before GC invocations=6 (full 0):
 PSYoungGen      total 29184K, used 29178K [0x00000000d5580000, 0x00000000d7b00000, 0x0000000100000000)
  eden space 25088K, 100% used [0x00000000d5580000,0x00000000d6e00000,0x00000000d6e00000)
  from space 4096K, 99% used [0x00000000d6e80000,0x00000000d727ea78,0x00000000d7280000)
  to   space 6656K, 0% used [0x00000000d7480000,0x00000000d7480000,0x00000000d7b00000)
 ParOldGen       total 68608K, used 8471K [0x0000000080000000, 0x0000000084300000, 0x00000000d5580000)
  object space 68608K, 12% used [0x0000000080000000,0x0000000080845dd8,0x0000000084300000)
 Metaspace       used 14611K, committed 15040K, reserved 1114112K
  class space    used 1475K, committed 1664K, reserved 1048576K
}
Event: 20.259 GC heap after
{Heap after GC invocations=6 (full 0):
 PSYoungGen      total 28160K, used 3085K [0x00000000d5580000, 0x00000000d7800000, 0x0000000100000000)
  eden space 24576K, 0% used [0x00000000d5580000,0x00000000d5580000,0x00000000d6d80000)
  from space 3584K, 86% used [0x00000000d7480000,0x00000000d77837e8,0x00000000d7800000)
  to   space 4608K, 0% used [0x00000000d6f00000,0x00000000d6f00000,0x00000000d7380000)
 ParOldGen       total 68608K, used 8479K [0x0000000080000000, 0x0000000084300000, 0x00000000d5580000)
  object space 68608K, 12% used [0x0000000080000000,0x0000000080847dd8,0x0000000084300000)
 Metaspace       used 14611K, committed 15040K, reserved 1114112K
  class space    used 1475K, committed 1664K, reserved 1048576K
}
Event: 21.569 GC heap before
{Heap before GC invocations=7 (full 0):
 PSYoungGen      total 28160K, used 27661K [0x00000000d5580000, 0x00000000d7800000, 0x0000000100000000)
  eden space 24576K, 100% used [0x00000000d5580000,0x00000000d6d80000,0x00000000d6d80000)
  from space 3584K, 86% used [0x00000000d7480000,0x00000000d77837e8,0x00000000d7800000)
  to   space 4608K, 0% used [0x00000000d6f00000,0x00000000d6f00000,0x00000000d7380000)
 ParOldGen       total 68608K, used 8479K [0x0000000080000000, 0x0000000084300000, 0x00000000d5580000)
  object space 68608K, 12% used [0x0000000080000000,0x0000000080847dd8,0x0000000084300000)
 Metaspace       used 17945K, committed 18688K, reserved 1114112K
  class space    used 1827K, committed 2112K, reserved 1048576K
}
Event: 21.576 GC heap after
{Heap after GC invocations=7 (full 0):
 PSYoungGen      total 27648K, used 3490K [0x00000000d5580000, 0x00000000d7500000, 0x0000000100000000)
  eden space 24064K, 0% used [0x00000000d5580000,0x00000000d5580000,0x00000000d6d00000)
  from space 3584K, 97% used [0x00000000d6f00000,0x00000000d7268a30,0x00000000d7280000)
  to   space 2560K, 0% used [0x00000000d7280000,0x00000000d7280000,0x00000000d7500000)
 ParOldGen       total 68608K, used 9055K [0x0000000080000000, 0x0000000084300000, 0x00000000d5580000)
  object space 68608K, 13% used [0x0000000080000000,0x00000000808d7de8,0x0000000084300000)
 Metaspace       used 17945K, committed 18688K, reserved 1114112K
  class space    used 1827K, committed 2112K, reserved 1048576K
}
Event: 23.045 GC heap before
{Heap before GC invocations=8 (full 0):
 PSYoungGen      total 27648K, used 27554K [0x00000000d5580000, 0x00000000d7500000, 0x0000000100000000)
  eden space 24064K, 99% used [0x00000000d5580000,0x00000000d6cfff48,0x00000000d6d00000)
  from space 3584K, 97% used [0x00000000d6f00000,0x00000000d7268a30,0x00000000d7280000)
  to   space 2560K, 0% used [0x00000000d7280000,0x00000000d7280000,0x00000000d7500000)
 ParOldGen       total 68608K, used 9055K [0x0000000080000000, 0x0000000084300000, 0x00000000d5580000)
  object space 68608K, 13% used [0x0000000080000000,0x00000000808d7de8,0x0000000084300000)
 Metaspace       used 20223K, committed 20992K, reserved 1114112K
  class space    used 2074K, committed 2432K, reserved 1048576K
}
Event: 23.048 GC heap after
{Heap after GC invocations=8 (full 0):
 PSYoungGen      total 26112K, used 2533K [0x00000000d5580000, 0x00000000d7880000, 0x0000000100000000)
  eden space 23552K, 0% used [0x00000000d5580000,0x00000000d5580000,0x00000000d6c80000)
  from space 2560K, 98% used [0x00000000d7280000,0x00000000d74f97d0,0x00000000d7500000)
  to   space 6144K, 0% used [0x00000000d6c80000,0x00000000d6c80000,0x00000000d7280000)
 ParOldGen       total 68608K, used 11867K [0x0000000080000000, 0x0000000084300000, 0x00000000d5580000)
  object space 68608K, 17% used [0x0000000080000000,0x0000000080b96ee8,0x0000000084300000)
 Metaspace       used 20223K, committed 20992K, reserved 1114112K
  class space    used 2074K, committed 2432K, reserved 1048576K
}
Event: 23.143 GC heap before
{Heap before GC invocations=9 (full 0):
 PSYoungGen      total 26112K, used 5872K [0x00000000d5580000, 0x00000000d7880000, 0x0000000100000000)
  eden space 23552K, 14% used [0x00000000d5580000,0x00000000d58c2aa8,0x00000000d6c80000)
  from space 2560K, 98% used [0x00000000d7280000,0x00000000d74f97d0,0x00000000d7500000)
  to   space 6144K, 0% used [0x00000000d6c80000,0x00000000d6c80000,0x00000000d7280000)
 ParOldGen       total 68608K, used 11867K [0x0000000080000000, 0x0000000084300000, 0x00000000d5580000)
  object space 68608K, 17% used [0x0000000080000000,0x0000000080b96ee8,0x0000000084300000)
 Metaspace       used 20718K, committed 21504K, reserved 1114112K
  class space    used 2110K, committed 2432K, reserved 1048576K
}
Event: 23.144 GC heap after
{Heap after GC invocations=9 (full 0):
 PSYoungGen      total 25600K, used 1705K [0x00000000d5580000, 0x00000000d7300000, 0x0000000100000000)
  eden space 23552K, 0% used [0x00000000d5580000,0x00000000d5580000,0x00000000d6c80000)
  from space 2048K, 83% used [0x00000000d6c80000,0x00000000d6e2a670,0x00000000d6e80000)
  to   space 3072K, 0% used [0x00000000d7000000,0x00000000d7000000,0x00000000d7300000)
 ParOldGen       total 68608K, used 12764K [0x0000000080000000, 0x0000000084300000, 0x00000000d5580000)
  object space 68608K, 18% used [0x0000000080000000,0x0000000080c77308,0x0000000084300000)
 Metaspace       used 20718K, committed 21504K, reserved 1114112K
  class space    used 2110K, committed 2432K, reserved 1048576K
}
Event: 23.144 GC heap before
{Heap before GC invocations=10 (full 1):
 PSYoungGen      total 25600K, used 1705K [0x00000000d5580000, 0x00000000d7300000, 0x0000000100000000)
  eden space 23552K, 0% used [0x00000000d5580000,0x00000000d5580000,0x00000000d6c80000)
  from space 2048K, 83% used [0x00000000d6c80000,0x00000000d6e2a670,0x00000000d6e80000)
  to   space 3072K, 0% used [0x00000000d7000000,0x00000000d7000000,0x00000000d7300000)
 ParOldGen       total 68608K, used 12764K [0x0000000080000000, 0x0000000084300000, 0x00000000d5580000)
  object space 68608K, 18% used [0x0000000080000000,0x0000000080c77308,0x0000000084300000)
 Metaspace       used 20718K, committed 21504K, reserved 1114112K
  class space    used 2110K, committed 2432K, reserved 1048576K
}
Event: 23.177 GC heap after
{Heap after GC invocations=10 (full 1):
 PSYoungGen      total 25600K, used 0K [0x00000000d5580000, 0x00000000d7300000, 0x0000000100000000)
  eden space 23552K, 0% used [0x00000000d5580000,0x00000000d5580000,0x00000000d6c80000)
  from space 2048K, 0% used [0x00000000d6c80000,0x00000000d6c80000,0x00000000d6e80000)
  to   space 3072K, 0% used [0x00000000d7000000,0x00000000d7000000,0x00000000d7300000)
 ParOldGen       total 68608K, used 12768K [0x0000000080000000, 0x0000000084300000, 0x00000000d5580000)
  object space 68608K, 18% used [0x0000000080000000,0x0000000080c78348,0x0000000084300000)
 Metaspace       used 20705K, committed 21504K, reserved 1114112K
  class space    used 2106K, committed 2432K, reserved 1048576K
}
Event: 24.059 GC heap before
{Heap before GC invocations=11 (full 1):
 PSYoungGen      total 25600K, used 23552K [0x00000000d5580000, 0x00000000d7300000, 0x0000000100000000)
  eden space 23552K, 100% used [0x00000000d5580000,0x00000000d6c80000,0x00000000d6c80000)
  from space 2048K, 0% used [0x00000000d6c80000,0x00000000d6c80000,0x00000000d6e80000)
  to   space 3072K, 0% used [0x00000000d7000000,0x00000000d7000000,0x00000000d7300000)
 ParOldGen       total 68608K, used 12768K [0x0000000080000000, 0x0000000084300000, 0x00000000d5580000)
  object space 68608K, 18% used [0x0000000080000000,0x0000000080c78348,0x0000000084300000)
 Metaspace       used 23172K, committed 24000K, reserved 1114112K
  class space    used 2266K, committed 2688K, reserved 1048576K
}
Event: 24.060 GC heap after
{Heap after GC invocations=11 (full 1):
 PSYoungGen      total 23552K, used 379K [0x00000000d5580000, 0x00000000d7080000, 0x0000000100000000)
  eden space 23040K, 0% used [0x00000000d5580000,0x00000000d5580000,0x00000000d6c00000)
  from space 512K, 74% used [0x00000000d7000000,0x00000000d705eda8,0x00000000d7080000)
  to   space 1536K, 0% used [0x00000000d6d80000,0x00000000d6d80000,0x00000000d6f00000)
 ParOldGen       total 68608K, used 12776K [0x0000000080000000, 0x0000000084300000, 0x00000000d5580000)
  object space 68608K, 18% used [0x0000000080000000,0x0000000080c7a348,0x0000000084300000)
 Metaspace       used 23172K, committed 24000K, reserved 1114112K
  class space    used 2266K, committed 2688K, reserved 1048576K
}
Event: 25.026 GC heap before
{Heap before GC invocations=12 (full 1):
 PSYoungGen      total 23552K, used 23419K [0x00000000d5580000, 0x00000000d7080000, 0x0000000100000000)
  eden space 23040K, 100% used [0x00000000d5580000,0x00000000d6c00000,0x00000000d6c00000)
  from space 512K, 74% used [0x00000000d7000000,0x00000000d705eda8,0x00000000d7080000)
  to   space 1536K, 0% used [0x00000000d6d80000,0x00000000d6d80000,0x00000000d6f00000)
 ParOldGen       total 68608K, used 12776K [0x0000000080000000, 0x0000000084300000, 0x00000000d5580000)
  object space 68608K, 18% used [0x0000000080000000,0x0000000080c7a348,0x0000000084300000)
 Metaspace       used 26124K, committed 26944K, reserved 1114112K
  class space    used 2580K, committed 2944K, reserved 1048576K
}
Event: 25.027 GC heap after
{Heap after GC invocations=12 (full 1):
 PSYoungGen      total 24064K, used 530K [0x00000000d5580000, 0x00000000d7080000, 0x0000000100000000)
  eden space 22528K, 0% used [0x00000000d5580000,0x00000000d5580000,0x00000000d6b80000)
  from space 1536K, 34% used [0x00000000d6d80000,0x00000000d6e04870,0x00000000d6f00000)
  to   space 1024K, 0% used [0x00000000d6f80000,0x00000000d6f80000,0x00000000d7080000)
 ParOldGen       total 68608K, used 12880K [0x0000000080000000, 0x0000000084300000, 0x00000000d5580000)
  object space 68608K, 18% used [0x0000000080000000,0x0000000080c94348,0x0000000084300000)
 Metaspace       used 26124K, committed 26944K, reserved 1114112K
  class space    used 2580K, committed 2944K, reserved 1048576K
}
Event: 25.416 GC heap before
{Heap before GC invocations=13 (full 1):
 PSYoungGen      total 24064K, used 23058K [0x00000000d5580000, 0x00000000d7080000, 0x0000000100000000)
  eden space 22528K, 100% used [0x00000000d5580000,0x00000000d6b80000,0x00000000d6b80000)
  from space 1536K, 34% used [0x00000000d6d80000,0x00000000d6e04870,0x00000000d6f00000)
  to   space 1024K, 0% used [0x00000000d6f80000,0x00000000d6f80000,0x00000000d7080000)
 ParOldGen       total 68608K, used 12880K [0x0000000080000000, 0x0000000084300000, 0x00000000d5580000)
  object space 68608K, 18% used [0x0000000080000000,0x0000000080c94348,0x0000000084300000)
 Metaspace       used 27864K, committed 28672K, reserved 1114112K
  class space    used 2765K, committed 3136K, reserved 1048576K
}
Event: 25.418 GC heap after
{Heap after GC invocations=13 (full 1):
 PSYoungGen      total 22528K, used 430K [0x00000000d5580000, 0x00000000d7000000, 0x0000000100000000)
  eden space 22016K, 0% used [0x00000000d5580000,0x00000000d5580000,0x00000000d6b00000)
  from space 512K, 84% used [0x00000000d6f80000,0x00000000d6feb890,0x00000000d7000000)
  to   space 512K, 0% used [0x00000000d6f00000,0x00000000d6f00000,0x00000000d6f80000)
 ParOldGen       total 68608K, used 14791K [0x0000000080000000, 0x0000000084300000, 0x00000000d5580000)
  object space 68608K, 21% used [0x0000000080000000,0x0000000080e71fd0,0x0000000084300000)
 Metaspace       used 27864K, committed 28672K, reserved 1114112K
  class space    used 2765K, committed 3136K, reserved 1048576K
}

Dll operation events (11 events):
Event: 0.230 Loaded shared library c:\Users\fatty\.antigravity\extensions\redhat.java-1.54.0-win32-x64\jre\21.0.10-win32-x86_64\bin\java.dll
Event: 1.514 Loaded shared library c:\Users\fatty\.antigravity\extensions\redhat.java-1.54.0-win32-x64\jre\21.0.10-win32-x86_64\bin\zip.dll
Event: 1.555 Loaded shared library C:\Users\fatty\.antigravity\extensions\redhat.java-1.54.0-win32-x64\jre\21.0.10-win32-x86_64\bin\instrument.dll
Event: 1.611 Loaded shared library C:\Users\fatty\.antigravity\extensions\redhat.java-1.54.0-win32-x64\jre\21.0.10-win32-x86_64\bin\net.dll
Event: 1.655 Loaded shared library C:\Users\fatty\.antigravity\extensions\redhat.java-1.54.0-win32-x64\jre\21.0.10-win32-x86_64\bin\nio.dll
Event: 1.663 Loaded shared library C:\Users\fatty\.antigravity\extensions\redhat.java-1.54.0-win32-x64\jre\21.0.10-win32-x86_64\bin\zip.dll
Event: 2.522 Loaded shared library C:\Users\fatty\.antigravity\extensions\redhat.java-1.54.0-win32-x64\jre\21.0.10-win32-x86_64\bin\jimage.dll
Event: 3.010 Loaded shared library c:\Users\fatty\.antigravity\extensions\redhat.java-1.54.0-win32-x64\jre\21.0.10-win32-x86_64\bin\verify.dll
Event: 15.392 Loaded shared library C:\Users\fatty\AppData\Roaming\Antigravity\User\globalStorage\redhat.java\1.54.0\config_win\org.eclipse.equinox.launcher\org.eclipse.equinox.launcher.win32.win32.x86_64_1.3.0.v20260203-2149\eclipse_11919.dll
Event: 20.541 Loaded shared library C:\Users\fatty\.antigravity\extensions\redhat.java-1.54.0-win32-x64\jre\21.0.10-win32-x86_64\bin\management.dll
Event: 20.548 Loaded shared library C:\Users\fatty\.antigravity\extensions\redhat.java-1.54.0-win32-x64\jre\21.0.10-win32-x86_64\bin\management_ext.dll

Deoptimization events (20 events):
Event: 25.664 Thread 0x000002797e20fa20 Uncommon trap: trap_request=0xffffffc6 fr.pc=0x0000027907c596f8 relative=0x0000000000001138
Event: 25.664 Thread 0x000002797e20fa20 Uncommon trap: reason=bimorphic_or_optimized_type_check action=maybe_recompile pc=0x0000027907c596f8 method=java.util.Properties$LineReader.readLine()I @ 70 c2
Event: 25.664 Thread 0x000002797e20fa20 DEOPT PACKING pc=0x0000027907c596f8 sp=0x000000aa762fd2d0
Event: 25.664 Thread 0x000002797e20fa20 DEOPT UNPACKING pc=0x0000027907583aa2 sp=0x000000aa762fd270 mode 2
Event: 25.677 Thread 0x000002797e20bf10 Uncommon trap: trap_request=0xffffffc6 fr.pc=0x0000027907cf061c relative=0x000000000000093c
Event: 25.677 Thread 0x000002797e20bf10 Uncommon trap: reason=bimorphic_or_optimized_type_check action=maybe_recompile pc=0x0000027907cf061c method=java.util.regex.Pattern$Start.match(Ljava/util/regex/Matcher;ILjava/lang/CharSequence;)Z @ 44 c2
Event: 25.677 Thread 0x000002797e20bf10 DEOPT PACKING pc=0x0000027907cf061c sp=0x000000aa75efe460
Event: 25.677 Thread 0x000002797e20bf10 DEOPT UNPACKING pc=0x0000027907583aa2 sp=0x000000aa75efe3a0 mode 2
Event: 25.677 Thread 0x000002797e20bf10 Uncommon trap: trap_request=0xffffff45 fr.pc=0x0000027907b57d14 relative=0x0000000000000494
Event: 25.677 Thread 0x000002797e20bf10 Uncommon trap: reason=unstable_if action=reinterpret pc=0x0000027907b57d14 method=java.lang.AbstractStringBuilder.inflateIfNeededFor(Ljava/lang/String;)V @ 14 c2
Event: 25.677 Thread 0x000002797e20bf10 DEOPT PACKING pc=0x0000027907b57d14 sp=0x000000aa75efe300
Event: 25.677 Thread 0x000002797e20bf10 DEOPT UNPACKING pc=0x0000027907583aa2 sp=0x000000aa75efe208 mode 2
Event: 25.678 Thread 0x000002797e20bf10 Uncommon trap: trap_request=0xffffff45 fr.pc=0x0000027907c3844c relative=0x000000000000012c
Event: 25.678 Thread 0x000002797e20bf10 Uncommon trap: reason=unstable_if action=reinterpret pc=0x0000027907c3844c method=java.lang.AbstractStringBuilder.isLatin1()Z @ 10 c2
Event: 25.678 Thread 0x000002797e20bf10 DEOPT PACKING pc=0x0000027907c3844c sp=0x000000aa75efe280
Event: 25.678 Thread 0x000002797e20bf10 DEOPT UNPACKING pc=0x0000027907583aa2 sp=0x000000aa75efe1b0 mode 2
Event: 25.678 Thread 0x000002797e20bf10 Uncommon trap: trap_request=0xffffff45 fr.pc=0x0000027907c22de8 relative=0x0000000000000428
Event: 25.678 Thread 0x000002797e20bf10 Uncommon trap: reason=unstable_if action=reinterpret pc=0x0000027907c22de8 method=java.lang.AbstractStringBuilder.isLatin1()Z @ 10 c2
Event: 25.678 Thread 0x000002797e20bf10 DEOPT PACKING pc=0x0000027907c22de8 sp=0x000000aa75efe430
Event: 25.678 Thread 0x000002797e20bf10 DEOPT UNPACKING pc=0x0000027907583aa2 sp=0x000000aa75efe3a0 mode 2

Classes loaded (20 events):
Event: 25.253 Loading class sun/reflect/annotation/AnnotatedTypeFactory done
Event: 25.253 Loading class sun/reflect/annotation/AnnotatedTypeFactory$AnnotatedTypeBaseImpl
Event: 25.254 Loading class sun/reflect/annotation/AnnotatedTypeFactory$AnnotatedTypeBaseImpl done
Event: 25.453 Loading class java/lang/reflect/UndeclaredThrowableException
Event: 25.453 Loading class java/lang/reflect/UndeclaredThrowableException done
Event: 25.457 Loading class java/lang/annotation/ElementType
Event: 25.458 Loading class java/lang/annotation/ElementType done
Event: 25.458 Loading class java/lang/annotation/Documented
Event: 25.458 Loading class java/lang/annotation/Documented done
Event: 25.548 Loading class java/lang/reflect/ParameterizedType
Event: 25.550 Loading class java/lang/reflect/ParameterizedType done
Event: 25.557 Loading class java/lang/reflect/WildcardType
Event: 25.557 Loading class java/lang/reflect/WildcardType done
Event: 25.560 Loading class sun/reflect/generics/tree/TypeVariableSignature
Event: 25.561 Loading class sun/reflect/generics/tree/TypeVariableSignature done
Event: 25.581 Loading class java/lang/Deprecated
Event: 25.581 Loading class java/lang/Deprecated done
Event: 25.680 Loading class java/lang/ProcessEnvironment
Event: 25.680 Loading class java/lang/ProcessEnvironment done
Event: 25.872 Loading class java/lang/ProcessEnvironment$NameComparator

Classes unloaded (7 events):
Event: 23.149 Thread 0x00000279792607f0 Unloading class 0x00000279141b3000 'java/lang/invoke/LambdaForm$MH+0x00000279141b3000'
Event: 23.149 Thread 0x00000279792607f0 Unloading class 0x00000279141b2c00 'java/lang/invoke/LambdaForm$MH+0x00000279141b2c00'
Event: 23.149 Thread 0x00000279792607f0 Unloading class 0x00000279141b2800 'java/lang/invoke/LambdaForm$MH+0x00000279141b2800'
Event: 23.149 Thread 0x00000279792607f0 Unloading class 0x00000279141b2400 'java/lang/invoke/LambdaForm$MH+0x00000279141b2400'
Event: 23.149 Thread 0x00000279792607f0 Unloading class 0x00000279141b2000 'java/lang/invoke/LambdaForm$BMH+0x00000279141b2000'
Event: 23.149 Thread 0x00000279792607f0 Unloading class 0x00000279141b1c00 'java/lang/invoke/LambdaForm$DMH+0x00000279141b1c00'
Event: 23.149 Thread 0x00000279792607f0 Unloading class 0x00000279141b0800 'java/lang/invoke/LambdaForm$DMH+0x00000279141b0800'

Classes redefined (0 events):
No events

Internal exceptions (20 events):
Event: 24.046 Thread 0x000002797e20d2c0 Exception <a 'java/lang/NoSuchMethodError'{0x00000000d6c212f0}: 'java.lang.Object java.lang.invoke.Invokers$Holder.invoke_MT(java.lang.Object, java.lang.Object, java.lang.Object, java.lang.Object, java.lang.Object, java.lang.Object, java.lang.Object, java.lang.Object, java.lang.Object)'> (0x00000000d6c212f0) 
thrown [s\src\hotspot\share\interpreter\linkResolver.cpp, line 773]
Event: 24.081 Thread 0x000002797e20d2c0 Exception <a 'java/lang/NoSuchMethodError'{0x00000000d5622790}: 'int java.lang.invoke.DirectMethodHandle$Holder.invokeVirtual(java.lang.Object, java.lang.Object, java.lang.Object)'> (0x00000000d5622790) 
thrown [s\src\hotspot\share\interpreter\linkResolver.cpp, line 773]
Event: 24.089 Thread 0x000002797e20d2c0 Exception <a 'java/lang/NoSuchMethodError'{0x00000000d5626348}: 'int java.lang.invoke.DirectMethodHandle$Holder.invokeStaticInit(java.lang.Object, java.lang.Object, java.lang.Object)'> (0x00000000d5626348) 
thrown [s\src\hotspot\share\interpreter\linkResolver.cpp, line 773]
Event: 24.090 Thread 0x000002797e20d2c0 Exception <a 'java/lang/NoSuchMethodError'{0x00000000d5629a20}: 'int java.lang.invoke.DirectMethodHandle$Holder.invokeStaticInit(java.lang.Object, int, int)'> (0x00000000d5629a20) 
thrown [s\src\hotspot\share\interpreter\linkResolver.cpp, line 773]
Event: 24.103 Thread 0x000002797e20d2c0 Exception <a 'java/lang/NoSuchMethodError'{0x00000000d56bedb0}: 'int java.lang.invoke.DirectMethodHandle$Holder.invokeStaticInit(java.lang.Object, long, long)'> (0x00000000d56bedb0) 
thrown [s\src\hotspot\share\interpreter\linkResolver.cpp, line 773]
Event: 24.107 Thread 0x000002797e20d2c0 Exception <a 'java/lang/NoSuchMethodError'{0x00000000d56c7580}: 'int java.lang.invoke.DirectMethodHandle$Holder.invokeStaticInit(java.lang.Object, float, float)'> (0x00000000d56c7580) 
thrown [s\src\hotspot\share\interpreter\linkResolver.cpp, line 773]
Event: 24.108 Thread 0x000002797e20d2c0 Exception <a 'java/lang/NoSuchMethodError'{0x00000000d56d66d0}: 'int java.lang.invoke.DirectMethodHandle$Holder.invokeStaticInit(java.lang.Object, double, double)'> (0x00000000d56d66d0) 
thrown [s\src\hotspot\share\interpreter\linkResolver.cpp, line 773]
Event: 24.108 Thread 0x000002797e20d2c0 Exception <a 'java/lang/NoSuchMethodError'{0x00000000d56dac48}: 'int java.lang.invoke.DirectMethodHandle$Holder.invokeStatic(java.lang.Object, long)'> (0x00000000d56dac48) 
thrown [s\src\hotspot\share\interpreter\linkResolver.cpp, line 773]
Event: 24.150 Thread 0x000002797e20fa20 Exception <a 'java/lang/NoSuchMethodError'{0x00000000d58bd478}: 'int java.lang.invoke.DirectMethodHandle$Holder.invokeSpecial(java.lang.Object, java.lang.Object, int, int)'> (0x00000000d58bd478) 
thrown [s\src\hotspot\share\interpreter\linkResolver.cpp, line 773]
Event: 24.158 Thread 0x000002797e20fa20 Exception <a 'java/lang/NoSuchMethodError'{0x00000000d58cb5c0}: 'int java.lang.invoke.Invokers$Holder.linkToTargetMethod(java.lang.Object, java.lang.Object)'> (0x00000000d58cb5c0) 
thrown [s\src\hotspot\share\interpreter\linkResolver.cpp, line 773]
Event: 24.241 Thread 0x000002797e20d2c0 Exception <a 'java/lang/NoSuchMethodError'{0x00000000d5a19850}: 'int java.lang.invoke.DirectMethodHandle$Holder.invokeSpecial(java.lang.Object, java.lang.Object, java.lang.Object, java.lang.Object)'> (0x00000000d5a19850) 
thrown [s\src\hotspot\share\interpreter\linkResolver.cpp, line 773]
Event: 24.245 Thread 0x000002797e20d2c0 Exception <a 'java/lang/NoSuchMethodError'{0x00000000d5a3bcd0}: 'java.lang.Object java.lang.invoke.DirectMethodHandle$Holder.invokeStatic(java.lang.Object, int, java.lang.Object, java.lang.Object)'> (0x00000000d5a3bcd0) 
thrown [s\src\hotspot\share\interpreter\linkResolver.cpp, line 773]
Event: 24.246 Thread 0x000002797e20d2c0 Exception <a 'java/lang/NoSuchMethodError'{0x00000000d5a3f4d0}: 'java.lang.Object java.lang.invoke.DelegatingMethodHandle$Holder.delegate(java.lang.Object, int, java.lang.Object, java.lang.Object)'> (0x00000000d5a3f4d0) 
thrown [s\src\hotspot\share\interpreter\linkResolver.cpp, line 773]
Event: 24.248 Thread 0x000002797e20d2c0 Exception <a 'java/lang/NoSuchMethodError'{0x00000000d5a762a8}: 'int java.lang.invoke.Invokers$Holder.linkToTargetMethod(java.lang.Object, java.lang.Object, java.lang.Object)'> (0x00000000d5a762a8) 
thrown [s\src\hotspot\share\interpreter\linkResolver.cpp, line 773]
Event: 24.290 Thread 0x000002797e20fa20 Exception <a 'java/lang/NoSuchMethodError'{0x00000000d5b2af18}: 'java.lang.Object java.lang.invoke.DirectMethodHandle$Holder.invokeSpecialIFC(java.lang.Object, java.lang.Object, java.lang.Object, java.lang.Object)'> (0x00000000d5b2af18) 
thrown [s\src\hotspot\share\interpreter\linkResolver.cpp, line 773]
Event: 25.134 Thread 0x000002797e20bf10 Exception <a 'java/io/FileNotFoundException'{0x00000000d5915320}> (0x00000000d5915320) 
thrown [s\src\hotspot\share\prims\jni.cpp, line 520]
Event: 25.204 Thread 0x000002797e20bf10 Exception <a 'java/io/FileNotFoundException'{0x00000000d664d1a8}> (0x00000000d664d1a8) 
thrown [s\src\hotspot\share\prims\jni.cpp, line 520]
Event: 25.205 Thread 0x000002797e20bf10 Exception <a 'java/io/FileNotFoundException'{0x00000000d664e1b8}> (0x00000000d664e1b8) 
thrown [s\src\hotspot\share\prims\jni.cpp, line 520]
Event: 25.206 Thread 0x000002797e20bf10 Exception <a 'java/io/FileNotFoundException'{0x00000000d665ce98}> (0x00000000d665ce98) 
thrown [s\src\hotspot\share\prims\jni.cpp, line 520]
Event: 25.672 Thread 0x000002797e20bf10 Exception <a 'java/io/FileNotFoundException'{0x00000000d608a4e0}> (0x00000000d608a4e0) 
thrown [s\src\hotspot\share\prims\jni.cpp, line 520]

ZGC Phase Switch (0 events):
No events

VM Operations (20 events):
Event: 21.569 Executing safepoint VM operation: ParallelGCFailedAllocation (Allocation Failure)
Event: 21.577 Executing safepoint VM operation: ParallelGCFailedAllocation (Allocation Failure) done
Event: 22.586 Executing safepoint VM operation: Cleanup
Event: 22.620 Executing safepoint VM operation: Cleanup done
Event: 23.045 Executing safepoint VM operation: ParallelGCFailedAllocation (Allocation Failure)
Event: 23.048 Executing safepoint VM operation: ParallelGCFailedAllocation (Allocation Failure) done
Event: 23.143 Executing safepoint VM operation: CollectForMetadataAllocation (Metadata GC Threshold)
Event: 23.177 Executing safepoint VM operation: CollectForMetadataAllocation (Metadata GC Threshold) done
Event: 24.048 Executing safepoint VM operation: ParallelGCFailedAllocation (Allocation Failure)
Event: 24.060 Executing safepoint VM operation: ParallelGCFailedAllocation (Allocation Failure) done
Event: 24.179 Executing non-safepoint VM operation: HandshakeAllThreads (Deoptimize)
Event: 24.214 Executing non-safepoint VM operation: HandshakeAllThreads (Deoptimize) done
Event: 25.006 Executing safepoint VM operation: ParallelGCFailedAllocation (Allocation Failure)
Event: 25.027 Executing safepoint VM operation: ParallelGCFailedAllocation (Allocation Failure) done
Event: 25.399 Executing safepoint VM operation: ParallelGCFailedAllocation (Allocation Failure)
Event: 25.418 Executing safepoint VM operation: ParallelGCFailedAllocation (Allocation Failure) done
Event: 25.673 Executing non-safepoint VM operation: HandshakeAllThreads (Deoptimize)
Event: 25.868 Executing non-safepoint VM operation: HandshakeAllThreads (Deoptimize) done
Event: 25.871 Executing non-safepoint VM operation: HandshakeAllThreads (Deoptimize)
Event: 25.871 Executing non-safepoint VM operation: HandshakeAllThreads (Deoptimize) done

Memory protections (0 events):
No events

Nmethod flushes (0 events):
No events

Events (20 events):
Event: 16.269 Thread 0x000002797dfbb2f0 Thread exited: 0x000002797dfbb2f0
Event: 16.276 Thread 0x000002797d8aa5b0 Thread added: 0x000002797dfbb2f0
Event: 16.622 Thread 0x000002797dfbb2f0 Thread exited: 0x000002797dfbb2f0
Event: 17.160 Thread 0x0000027979271b90 Thread added: 0x000002797eb6dc20
Event: 17.334 Thread 0x000002797eb6dc20 Thread exited: 0x000002797eb6dc20
Event: 18.768 Thread 0x000002797e20bf10 Thread added: 0x000002797e210740
Event: 19.967 Thread 0x000002797d8aa5b0 Thread added: 0x000002797f29d890
Event: 20.253 Thread 0x000002797e20bf10 Thread added: 0x000002797e20f390
Event: 20.329 Thread 0x000002797f29d890 Thread exited: 0x000002797f29d890
Event: 20.770 Thread 0x000002797e20bf10 Thread added: 0x000002797e20fa20
Event: 20.818 Thread 0x000002797e20fa20 Thread added: 0x000002797e20d2c0
Event: 21.701 Thread 0x000002797d8aa5b0 Thread added: 0x000002797d9d6360
Event: 22.539 Thread 0x000002797d9d6360 Thread exited: 0x000002797d9d6360
Event: 24.040 Thread 0x000002797e20d2c0 Thread added: 0x000002797e210dd0
Event: 24.089 Thread 0x000002797e210dd0 Thread added: 0x000002797e20d950
Event: 25.637 Thread 0x000002797e20bf10 Thread added: 0x000002797e212180
Event: 25.747 Thread 0x0000027979269440 Thread exited: 0x0000027979269440
Event: 25.760 Thread 0x000002797926bba0 Thread exited: 0x000002797926bba0
Event: 25.760 Thread 0x000002797e20e670 Thread exited: 0x000002797e20e670
Event: 25.760 Thread 0x000002797926ae80 Thread exited: 0x000002797926ae80


Dynamic libraries:
0x00007ff6814b0000 - 0x00007ff6814be000 	c:\Users\fatty\.antigravity\extensions\redhat.java-1.54.0-win32-x64\jre\21.0.10-win32-x86_64\bin\java.exe
0x00007ffd0c5e0000 - 0x00007ffd0c849000 	C:\WINDOWS\SYSTEM32\ntdll.dll
0x00007ffd0b800000 - 0x00007ffd0b8c9000 	C:\WINDOWS\System32\KERNEL32.DLL
0x00007ffd098c0000 - 0x00007ffd09cb3000 	C:\WINDOWS\System32\KERNELBASE.dll
0x00007ffd09770000 - 0x00007ffd098bb000 	C:\WINDOWS\System32\ucrtbase.dll
0x00007ffcef710000 - 0x00007ffcef728000 	c:\Users\fatty\.antigravity\extensions\redhat.java-1.54.0-win32-x64\jre\21.0.10-win32-x86_64\bin\jli.dll
0x00007ffd0b980000 - 0x00007ffd0bb44000 	C:\WINDOWS\System32\USER32.dll
0x00007ffd09e00000 - 0x00007ffd09e27000 	C:\WINDOWS\System32\win32u.dll
0x00007ffd0b150000 - 0x00007ffd0b17b000 	C:\WINDOWS\System32\GDI32.dll
0x00007ffd0a280000 - 0x00007ffd0a3ad000 	C:\WINDOWS\System32\gdi32full.dll
0x00007ffd09d50000 - 0x00007ffd09df3000 	C:\WINDOWS\System32\msvcp_win.dll
0x00007ffced940000 - 0x00007ffced95e000 	c:\Users\fatty\.antigravity\extensions\redhat.java-1.54.0-win32-x64\jre\21.0.10-win32-x86_64\bin\VCRUNTIME140.dll
0x00007ffcf8880000 - 0x00007ffcf8b13000 	C:\WINDOWS\WinSxS\amd64_microsoft.windows.common-controls_6595b64144ccf1df_6.0.26100.5074_none_3e0d6f78e32fd63f\COMCTL32.dll
0x00007ffd0a760000 - 0x00007ffd0a809000 	C:\WINDOWS\System32\msvcrt.dll
0x00007ffd0a890000 - 0x00007ffd0a8bf000 	C:\WINDOWS\System32\IMM32.DLL
0x00007ffcf5880000 - 0x00007ffcf5972000 	C:\Program Files\Windhawk\Engine\1.7.3\64\windhawk.dll
0x00007ffd0c330000 - 0x00007ffd0c3e4000 	C:\WINDOWS\System32\ADVAPI32.dll
0x00007ffd0b8d0000 - 0x00007ffd0b976000 	C:\WINDOWS\System32\sechost.dll
0x00007ffd0b330000 - 0x00007ffd0b448000 	C:\WINDOWS\System32\RPCRT4.dll
0x00007ffcf54f0000 - 0x00007ffcf5508000 	C:\ProgramData\Windhawk\Engine\Mods\64\remove-ms-store-open-with_1.0.0_964869.dll
0x00007ffd0bbd0000 - 0x00007ffd0c31d000 	C:\WINDOWS\System32\shell32.dll
0x00007ffd09e30000 - 0x00007ffd09f9c000 	C:\WINDOWS\System32\wintypes.dll
0x00007ffd0b450000 - 0x00007ffd0b7cb000 	C:\WINDOWS\System32\combase.dll
0x00007ffcf5460000 - 0x00007ffcf548a000 	C:\ProgramData\Windhawk\Engine\Mods\64\explorer-details-better-file-sizes_1.5_791153.dll
0x00007ffd0a930000 - 0x00007ffd0aac8000 	C:\WINDOWS\System32\ole32.dll
0x00007ffd0b190000 - 0x00007ffd0b267000 	C:\WINDOWS\System32\OLEAUT32.dll
0x00007ffd04230000 - 0x00007ffd04334000 	C:\WINDOWS\SYSTEM32\PROPSYS.dll
0x00007ffcf5270000 - 0x00007ffcf5419000 	C:\ProgramData\Windhawk\Engine\Mods\64\libc++.whl
0x00007ffcf5420000 - 0x00007ffcf545a000 	C:\ProgramData\Windhawk\Engine\Mods\64\libunwind.whl
0x00007ffcf51b0000 - 0x00007ffcf51cd000 	C:\ProgramData\Windhawk\Engine\Mods\64\modernize-folder-picker-dialog_1.0.0_646918.dll
0x00007ffd05940000 - 0x00007ffd0594c000 	c:\Users\fatty\.antigravity\extensions\redhat.java-1.54.0-win32-x64\jre\21.0.10-win32-x86_64\bin\vcruntime140_1.dll
0x00007ffcdf8e0000 - 0x00007ffcdf96d000 	c:\Users\fatty\.antigravity\extensions\redhat.java-1.54.0-win32-x64\jre\21.0.10-win32-x86_64\bin\msvcp140.dll
0x00007ffc5c6d0000 - 0x00007ffc5d471000 	c:\Users\fatty\.antigravity\extensions\redhat.java-1.54.0-win32-x64\jre\21.0.10-win32-x86_64\bin\server\jvm.dll
0x00007ffd0a810000 - 0x00007ffd0a884000 	C:\WINDOWS\System32\WS2_32.dll
0x00007ffd09520000 - 0x00007ffd0957e000 	C:\WINDOWS\SYSTEM32\POWRPROF.dll
0x00007ffd017f0000 - 0x00007ffd01825000 	C:\WINDOWS\SYSTEM32\WINMM.dll
0x00007ffd02a60000 - 0x00007ffd02a6b000 	C:\WINDOWS\SYSTEM32\VERSION.dll
0x00007ffd09500000 - 0x00007ffd09514000 	C:\WINDOWS\SYSTEM32\UMPDC.dll
0x00007ffd08550000 - 0x00007ffd0856b000 	C:\WINDOWS\SYSTEM32\kernel.appcore.dll
0x00007ffcfd7d0000 - 0x00007ffcfd7da000 	c:\Users\fatty\.antigravity\extensions\redhat.java-1.54.0-win32-x64\jre\21.0.10-win32-x86_64\bin\jimage.dll
0x00007ffd06db0000 - 0x00007ffd06ff2000 	C:\WINDOWS\SYSTEM32\DBGHELP.DLL
0x00007ffcf44d0000 - 0x00007ffcf450d000 	C:\WINDOWS\SYSTEM32\dbgcore.DLL
0x00007ffd0a1e0000 - 0x00007ffd0a279000 	C:\WINDOWS\System32\bcryptPrimitives.dll
0x00007ffcf4210000 - 0x00007ffcf421f000 	c:\Users\fatty\.antigravity\extensions\redhat.java-1.54.0-win32-x64\jre\21.0.10-win32-x86_64\bin\instrument.dll
0x00007ffce9520000 - 0x00007ffce9540000 	c:\Users\fatty\.antigravity\extensions\redhat.java-1.54.0-win32-x64\jre\21.0.10-win32-x86_64\bin\java.dll
0x00007ffd07000000 - 0x00007ffd07859000 	C:\WINDOWS\SYSTEM32\windows.storage.dll
0x00007ffd0ab30000 - 0x00007ffd0ac20000 	C:\WINDOWS\System32\SHCORE.dll
0x00007ffd0a6f0000 - 0x00007ffd0a752000 	C:\WINDOWS\System32\shlwapi.dll
0x00007ffd09690000 - 0x00007ffd096b9000 	C:\WINDOWS\SYSTEM32\profapi.dll
0x00007ffce77a0000 - 0x00007ffce77b8000 	c:\Users\fatty\.antigravity\extensions\redhat.java-1.54.0-win32-x64\jre\21.0.10-win32-x86_64\bin\zip.dll
0x00007ffcf4ec0000 - 0x00007ffcf4ed0000 	C:\Users\fatty\.antigravity\extensions\redhat.java-1.54.0-win32-x64\jre\21.0.10-win32-x86_64\bin\net.dll
0x00007ffd02830000 - 0x00007ffd0294f000 	C:\WINDOWS\SYSTEM32\WINHTTP.dll
0x00007ffd08b40000 - 0x00007ffd08bab000 	C:\WINDOWS\system32\mswsock.dll
0x00007ffce6740000 - 0x00007ffce6756000 	C:\Users\fatty\.antigravity\extensions\redhat.java-1.54.0-win32-x64\jre\21.0.10-win32-x86_64\bin\nio.dll
0x00007ffcf3f60000 - 0x00007ffcf3f70000 	c:\Users\fatty\.antigravity\extensions\redhat.java-1.54.0-win32-x64\jre\21.0.10-win32-x86_64\bin\verify.dll
0x00007ffcdc6e0000 - 0x00007ffcdc725000 	C:\Users\fatty\AppData\Roaming\Antigravity\User\globalStorage\redhat.java\1.54.0\config_win\org.eclipse.equinox.launcher\org.eclipse.equinox.launcher.win32.win32.x86_64_1.3.0.v20260203-2149\eclipse_11919.dll
0x00007ffcf3850000 - 0x00007ffcf385a000 	C:\Users\fatty\.antigravity\extensions\redhat.java-1.54.0-win32-x64\jre\21.0.10-win32-x86_64\bin\management.dll
0x00007ffcf3810000 - 0x00007ffcf381c000 	C:\Users\fatty\.antigravity\extensions\redhat.java-1.54.0-win32-x64\jre\21.0.10-win32-x86_64\bin\management_ext.dll
0x00007ffd0b180000 - 0x00007ffd0b188000 	C:\WINDOWS\System32\PSAPI.DLL
0x00007ffd08df0000 - 0x00007ffd08e0b000 	C:\WINDOWS\SYSTEM32\CRYPTSP.dll
0x00007ffd084b0000 - 0x00007ffd084eb000 	C:\WINDOWS\system32\rsaenh.dll
0x00007ffd08be0000 - 0x00007ffd08c0b000 	C:\WINDOWS\SYSTEM32\USERENV.dll
0x00007ffd09660000 - 0x00007ffd09686000 	C:\WINDOWS\SYSTEM32\bcrypt.dll
0x00007ffd08de0000 - 0x00007ffd08dec000 	C:\WINDOWS\SYSTEM32\CRYPTBASE.dll

JVMTI agents:
c:\Users\fatty\.antigravity\extensions\redhat.java-1.54.0-win32-x64\lombok\lombok-1.18.39-4050.jar path:c:\Users\fatty\.antigravity\extensions\redhat.java-1.54.0-win32-x64\jre\21.0.10-win32-x86_64\bin\instrument.dll, loaded, initialized, instrumentlib options:none

dbghelp: loaded successfully - version: 4.0.5 - missing functions: none
symbol engine: initialized successfully - sym options: 0x614 - pdb path: .;c:\Users\fatty\.antigravity\extensions\redhat.java-1.54.0-win32-x64\jre\21.0.10-win32-x86_64\bin;C:\WINDOWS\SYSTEM32;C:\WINDOWS\WinSxS\amd64_microsoft.windows.common-controls_6595b64144ccf1df_6.0.26100.5074_none_3e0d6f78e32fd63f;C:\Program Files\Windhawk\Engine\1.7.3\64;C:\ProgramData\Windhawk\Engine\Mods\64;c:\Users\fatty\.antigravity\extensions\redhat.java-1.54.0-win32-x64\jre\21.0.10-win32-x86_64\bin\server;C:\Users\fatty\AppData\Roaming\Antigravity\User\globalStorage\redhat.java\1.54.0\config_win\org.eclipse.equinox.launcher\org.eclipse.equinox.launcher.win32.win32.x86_64_1.3.0.v20260203-2149

VM Arguments:
jvm_args: --add-modules=ALL-SYSTEM --add-opens=java.base/java.util=ALL-UNNAMED --add-opens=java.base/java.lang=ALL-UNNAMED --add-opens=java.base/sun.nio.fs=ALL-UNNAMED -Declipse.application=org.eclipse.jdt.ls.core.id1 -Dosgi.bundles.defaultStartLevel=4 -Declipse.product=org.eclipse.jdt.ls.core.product -Djava.import.generatesMetadataFilesAtProjectRoot=false -DDetectVMInstallationsJob.disabled=true -Dfile.encoding=utf8 -XX:+UseParallelGC -XX:GCTimeRatio=4 -XX:AdaptiveSizePolicyWeight=90 -Dsun.zip.disableMemoryMapping=true -Xmx2G -Xms100m -Xlog:disable -javaagent:c:\Users\fatty\.antigravity\extensions\redhat.java-1.54.0-win32-x64\lombok\lombok-1.18.39-4050.jar -XX:+HeapDumpOnOutOfMemoryError -XX:HeapDumpPath=c:\Users\fatty\AppData\Roaming\Antigravity\User\workspaceStorage\a629deaf86fc7c48597a3293cddddf7a\redhat.java -Daether.dependencyCollector.impl=bf 
java_command: c:\Users\fatty\.antigravity\extensions\redhat.java-1.54.0-win32-x64\server\plugins\org.eclipse.equinox.launcher_1.7.100.v20251111-0406.jar -configuration c:\Users\fatty\AppData\Roaming\Antigravity\User\globalStorage\redhat.java\1.54.0\config_win -data c:\Users\fatty\AppData\Roaming\Antigravity\User\workspaceStorage\a629deaf86fc7c48597a3293cddddf7a\redhat.java\jdt_ws --pipe=\\.\pipe\lsp-ffc98e557386ee8613acc49a3b2fb189-sock
java_class_path (initial): c:\Users\fatty\.antigravity\extensions\redhat.java-1.54.0-win32-x64\server\plugins\org.eclipse.equinox.launcher_1.7.100.v20251111-0406.jar
Launcher Type: SUN_STANDARD

[Global flags]
    uintx AdaptiveSizePolicyWeight                 = 90                                        {product} {command line}
     intx CICompilerCount                          = 3                                         {product} {ergonomic}
    uintx GCTimeRatio                              = 4                                         {product} {command line}
     bool HeapDumpOnOutOfMemoryError               = true                                   {manageable} {command line}
    ccstr HeapDumpPath                             = c:\Users\fatty\AppData\Roaming\Antigravity\User\workspaceStorage\a629deaf86fc7c48597a3293cddddf7a\redhat.java         {manageable} {command line}
   size_t InitialHeapSize                          = 104857600                                 {product} {command line}
   size_t MaxHeapSize                              = 2147483648                                {product} {command line}
   size_t MaxNewSize                               = 715653120                                 {product} {ergonomic}
   size_t MinHeapDeltaBytes                        = 524288                                    {product} {ergonomic}
   size_t MinHeapSize                              = 104857600                                 {product} {command line}
   size_t NewSize                                  = 34603008                                  {product} {ergonomic}
    uintx NonNMethodCodeHeapSize                   = 5832780                                {pd product} {ergonomic}
    uintx NonProfiledCodeHeapSize                  = 122912730                              {pd product} {ergonomic}
   size_t OldSize                                  = 70254592                                  {product} {ergonomic}
    uintx ProfiledCodeHeapSize                     = 122912730                              {pd product} {ergonomic}
    uintx ReservedCodeCacheSize                    = 251658240                              {pd product} {ergonomic}
     bool SegmentedCodeCache                       = true                                      {product} {ergonomic}
   size_t SoftMaxHeapSize                          = 2147483648                             {manageable} {ergonomic}
     bool UseCompressedOops                        = true                           {product lp64_product} {ergonomic}
     bool UseLargePagesIndividualAllocation        = false                                  {pd product} {ergonomic}
     bool UseParallelGC                            = true                                      {product} {command line}

Logging:
Log output configuration:
 #0: stdout all=off uptime,level,tags foldmultilines=false
 #1: stderr all=off uptime,level,tags foldmultilines=false

Release file:
JAVA_VERSION="21.0.10" 
MODULES="java.base java.compiler java.datatransfer java.xml java.prefs java.desktop java.instrument java.logging java.management java.security.sasl java.naming java.rmi java.management.rmi java.net.http java.scripting java.security.jgss java.transaction.xa java.sql java.sql.rowset java.xml.crypto java.se java.smartcardio jdk.accessibility jdk.internal.jvmstat jdk.attach jdk.charsets jdk.internal.opt jdk.zipfs jdk.compiler jdk.crypto.ec jdk.crypto.cryptoki jdk.crypto.mscapi jdk.dynalink jdk.internal.ed jdk.editpad jdk.hotspot.agent jdk.httpserver jdk.internal.le jdk.internal.vm.ci jdk.internal.vm.compiler jdk.internal.vm.compiler.management jdk.jartool jdk.javadoc jdk.jcmd jdk.management jdk.management.agent jdk.jconsole jdk.jdeps jdk.jdwp.agent jdk.jdi jdk.jfr jdk.jshell jdk.jsobject jdk.jstatd jdk.localedata jdk.management.jfr jdk.naming.dns jdk.naming.rmi jdk.net jdk.nio.mapmode jdk.random jdk.sctp jdk.security.auth jdk.security.jgss jdk.unsupported jdk.unsupported.desktop jdk.xml.dom" 

Environment Variables:
JAVA_HOME=C:\Program Files\Microsoft\jdk-21.0.10.7-hotspot\
PATH=C:\Program Files\Microsoft\jdk-21.0.10.7-hotspot\bin;C:\Python314\Scripts\;C:\Python314\;C:\WINDOWS\system32;C:\WINDOWS;C:\WINDOWS\System32\Wbem;C:\WINDOWS\System32\WindowsPowerShell\v1.0\;C:\WINDOWS\System32\OpenSSH\;C:\Program Files\Git\cmd;C:\Program Files\PuTTY\;C:\Program Files\dotnet\;C:\Program Files\Tailscale\;C:\Program Files (x86)\Paragon Software\LinuxFS for Windows\;C:\Program Files\nodejs\;C:\ProgramData\chocolatey\bin;C:\Program Files\GitHub CLI\;C:\Program Files (x86)\ZeroTier\One\;C:\Program Files\eSpeak NG\;C:\Program Files\Go\bin;C:\Users\fatty\scoop\apps\gcc\current\bin;C:\Users\fatty\scoop\apps\mingw\current\bin;C:\Users\fatty\scoop\shims;C:\Users\fatty\.amp\bin;C:\Users\fatty\.cargo\bin;C:\Users\fatty\.local\bin;C:\Users\fatty\AppData\Local\Microsoft\WindowsApps;C:\Users\fatty\AppData\Local\Programs\Microsoft VS Code\bin;C:\Users\fatty\AppData\Local\Microsoft\WinGet\Packages\Google.PlatformTools_Microsoft.Winget.Source_8wekyb3d8bbwe\platform-tools;C:\Users\fatty\AppData\Local\Microsoft\WinGet\Links;C:\Users\fatty\AppData\Local\Programs\cursor\resources\app\bin;C:\Users\fatty\AppData\Local\Programs\Windsurf\bin;C:\Users\fatty\AppData\Local\Microsoft\WinGet\Packages\Microsoft.HIDTools.Waratah_Microsoft.Winget.Source_8wekyb3d8bbwe;C:\Users\fatty\AppData\Roaming\npm;C:\Users\fatty\AppData\Local\Programs\Antigravity\bin;C:\Users\fatty\go\bin;C:\Users\fatty\AppData\Local\Programs\Lingma\bin
USERNAME=fatty
OS=Windows_NT
PROCESSOR_IDENTIFIER=AMD64 Family 23 Model 17 Stepping 0, AuthenticAMD
TMP=C:\Users\fatty\AppData\Local\Temp
TEMP=C:\Users\fatty\AppData\Local\Temp




Periodic native trim disabled

---------------  S Y S T E M  ---------------

OS:
 Windows 11 , 64 bit Build 26100 (10.0.26100.5074)
OS uptime: 2 days 4:47 hours

CPU: total 4 (initial active 4) (4 cores per cpu, 1 threads per core) family 23 model 17 stepping 0 microcode 0x8101016, cx8, cmov, fxsr, mmx, 3dnowpref, sse, sse2, sse3, ssse3, sse4a, sse4.1, sse4.2, popcnt, lzcnt, tsc, tscinvbit, avx, avx2, aes, clmul, bmi1, bmi2, adx, sha, fma, vzeroupper, clflush, clflushopt, rdtscp, f16c
Processor Information for the first 4 processors :
  Max Mhz: 3750, Current Mhz: 3750, Mhz Limit: 3750

Memory: 4k page, system-wide physical 16326M (5791M free)
TotalPageFile size 19262M (AvailPageFile size 2M)
current process WorkingSet (physical memory assigned to process): 171M, peak: 172M
current process commit charge ("private bytes"): 284M, peak: 286M

vm_info: OpenJDK 64-Bit Server VM (21.0.10+7-LTS) for windows-amd64 JRE (21.0.10+7-LTS), built on 2026-01-20T00:00:00Z by "admin" with MS VC++ 17.12 (VS2022)

END.
